[nams-baremetal] stopping neo4j
[nams-baremetal] dumping neo4j -> /workspace/story_env/logs/midnight_gemma4-e4b_klaus-nams-spacy-only_2026-07-08_16-04-24/klaus_memories_gemma4-e4b_klaus-nams-spacy-only.dump
2026-07-08 16:08:55.001+0000 INFO  [o.n.c.d.DumpCommand] Starting dump of database 'neo4j'

Files: 1/132, data:  0.0%
Files: 1/132, data:  0.0%
Files: 2/132, data:  0.0%
Files: 3/132, data:  0.0%
Files: 4/132, data:  0.0%
Files: 5/132, data:  0.1%
Files: 6/132, data:  0.1%
Files: 7/132, data:  0.1%
Files: 8/132, data:  0.1%
Files: 9/132, data:  0.1%
Files: 10/132, data:  0.1%
Files: 11/132, data:  0.1%
Files: 12/132, data:  0.2%
Files: 13/132, data:  0.2%
Files: 14/132, data:  0.2%
Files: 15/132, data:  0.2%
Files: 16/132, data:  0.2%
Files: 17/132, data:  0.2%
Files: 18/132, data:  0.2%
Files: 19/132, data:  0.2%
Files: 20/132, data:  0.2%
Files: 21/132, data:  0.3%
Files: 22/132, data:  0.3%
Files: 23/132, data:  0.3%
Files: 24/132, data:  0.3%
Files: 25/132, data:  0.3%
Files: 26/132, data:  0.3%
Files: 27/132, data:  0.3%
Files: 28/132, data:  0.3%
Files: 29/132, data:  0.3%
Files: 30/132, data:  0.3%
Files: 31/132, data:  0.3%
Files: 32/132, data:  0.4%
Files: 33/132, data:  0.4%
Files: 34/132, data:  0.4%
Files: 35/132, data:  0.4%
Files: 36/132, data:  0.4%
Files: 37/132, data:  0.5%
Files: 38/132, data:  0.5%
Files: 39/132, data:  0.5%
Files: 40/132, data:  0.5%
Files: 41/132, data:  0.5%
Files: 42/132, data:  0.5%
Files: 43/132, data:  0.6%
Files: 44/132, data:  0.6%
Files: 45/132, data:  0.6%
Files: 46/132, data:  0.6%
Files: 47/132, data:  0.6%
Files: 48/132, data:  0.6%
Files: 49/132, data:  0.7%
Files: 50/132, data:  0.7%
Files: 51/132, data:  0.7%
Files: 52/132, data:  0.7%
Files: 53/132, data:  0.7%
Files: 54/132, data:  0.7%
Files: 55/132, data:  0.8%
Files: 56/132, data:  0.8%
Files: 57/132, data:  0.8%
Files: 58/132, data:  0.8%
Files: 59/132, data:  0.8%
Files: 60/132, data:  0.8%
Files: 61/132, data:  0.8%
Files: 62/132, data:  0.8%
Files: 63/132, data:  0.8%
Files: 64/132, data:  0.8%
Files: 65/132, data:  0.8%
Files: 66/132, data:  0.8%
Files: 67/132, data:  0.8%
Files: 68/132, data:  0.8%
Files: 69/132, data:  0.8%
Files: 70/132, data:  0.8%
Files: 71/132, data:  0.9%
Files: 72/132, data:  0.9%
Files: 73/132, data:  0.9%
Files: 74/132, data:  0.9%
Files: 75/132, data:  0.9%
Files: 76/132, data:  0.9%
Files: 77/132, data:  0.9%
Files: 78/132, data:  0.9%
Files: 79/132, data:  0.9%
Files: 80/132, data:  0.9%
Files: 81/132, data:  0.9%
Files: 82/132, data:  0.9%
Files: 83/132, data:  0.9%
Files: 84/132, data:  0.9%
Files: 85/132, data:  0.9%
Files: 86/132, data:  0.9%
Files: 87/132, data:  0.9%
Files: 88/132, data:  0.9%
Files: 89/132, data:  0.9%
Files: 90/132, data:  0.9%
Files: 91/132, data:  0.9%
Files: 92/132, data:  0.9%
Files: 93/132, data:  0.9%
Files: 94/132, data:  0.9%
Files: 95/132, data:  0.9%
Files: 96/132, data:  0.9%
Files: 97/132, data:  0.9%
Files: 98/132, data:  0.9%
Files: 99/132, data:  0.9%
Files: 100/132, data:  0.9%
Files: 101/132, data:  0.9%
Files: 102/132, data:  0.9%
Files: 103/132, data:  0.9%
Files: 104/132, data:  0.9%
Files: 105/132, data:  0.9%
Files: 106/132, data:  0.9%
Files: 107/132, data:  0.9%
Files: 108/132, data:  0.9%
Files: 109/132, data:  0.9%
Files: 110/132, data:  0.9%
Files: 111/132, data:  0.9%
Files: 112/132, data:  0.9%
Files: 113/132, data:  0.9%
Files: 114/132, data:  0.9%
Files: 115/132, data:  0.9%
Files: 116/132, data:  0.9%
Files: 117/132, data:  0.9%
Files: 118/132, data:  0.9%
Files: 119/132, data:  0.9%
Files: 120/132, data:  0.9%
Files: 121/132, data:  0.9%
Files: 122/132, data:  0.9%
Files: 123/132, data:  0.9%
Files: 124/132, data:  0.9%
Files: 125/132, data:  0.9%
Files: 126/132, data:  0.9%
Files: 127/132, data:  0.9%
Files: 128/132, data:  0.9%
Files: 129/132, data:  0.9%
Files: 130/132, data:  0.9%
Files: 131/132, data:  1.0%
Files: 131/132, data:  2.0%
Files: 131/132, data:  3.0%
Files: 131/132, data:  4.0%
Files: 131/132, data:  5.0%
Files: 131/132, data:  6.0%
Files: 131/132, data:  7.0%
Files: 131/132, data:  8.0%
Files: 131/132, data:  9.0%
Files: 131/132, data: 10.0%
Files: 131/132, data: 11.0%
Files: 131/132, data: 12.0%
Files: 131/132, data: 13.0%
Files: 131/132, data: 14.0%
Files: 131/132, data: 15.0%
Files: 131/132, data: 16.0%
Files: 131/132, data: 17.0%
Files: 131/132, data: 18.0%
Files: 131/132, data: 19.0%
Files: 131/132, data: 20.0%
Files: 131/132, data: 21.0%
Files: 131/132, data: 22.0%
Files: 131/132, data: 23.0%
Files: 131/132, data: 24.0%
Files: 131/132, data: 25.0%
Files: 131/132, data: 26.0%
Files: 131/132, data: 27.0%
Files: 131/132, data: 28.0%
Files: 131/132, data: 29.0%
Files: 131/132, data: 30.0%
Files: 131/132, data: 31.0%
Files: 131/132, data: 32.0%
Files: 131/132, data: 33.0%
Files: 131/132, data: 34.0%
Files: 131/132, data: 35.0%
Files: 131/132, data: 36.0%
Files: 131/132, data: 37.0%
Files: 131/132, data: 38.0%
Files: 131/132, data: 39.0%
Files: 131/132, data: 40.0%
Files: 131/132, data: 41.0%
Files: 131/132, data: 42.0%
Files: 131/132, data: 43.0%
Files: 131/132, data: 44.0%
Files: 131/132, data: 45.0%
Files: 131/132, data: 46.0%
Files: 131/132, data: 47.0%
Files: 131/132, data: 48.0%
Files: 131/132, data: 49.0%
Files: 131/132, data: 50.0%
Files: 131/132, data: 51.0%
Files: 131/132, data: 52.0%
Files: 131/132, data: 53.0%
Files: 131/132, data: 54.0%
Files: 131/132, data: 55.0%
Files: 131/132, data: 56.0%
Files: 131/132, data: 57.0%
Files: 131/132, data: 58.0%
Files: 131/132, data: 59.0%
Files: 131/132, data: 60.0%
Files: 131/132, data: 61.0%
Files: 131/132, data: 62.0%
Files: 131/132, data: 63.0%
Files: 131/132, data: 64.0%
Files: 131/132, data: 65.0%
Files: 131/132, data: 66.0%
Files: 131/132, data: 67.0%
Files: 131/132, data: 68.0%
Files: 131/132, data: 69.0%
Files: 131/132, data: 70.0%
Files: 131/132, data: 71.0%
Files: 131/132, data: 72.0%
Files: 131/132, data: 73.0%
Files: 131/132, data: 74.0%
Files: 131/132, data: 75.0%
Files: 131/132, data: 76.0%
Files: 131/132, data: 77.0%
Files: 131/132, data: 78.0%
Files: 131/132, data: 79.0%
Files: 131/132, data: 80.0%
Files: 131/132, data: 81.0%
Files: 131/132, data: 82.0%
Files: 131/132, data: 83.0%
Files: 131/132, data: 84.0%
Files: 131/132, data: 85.0%
Files: 131/132, data: 86.0%
Files: 131/132, data: 87.0%
Files: 131/132, data: 88.0%
Files: 131/132, data: 89.0%
Files: 131/132, data: 90.0%
Files: 131/132, data: 91.0%
Files: 131/132, data: 92.0%
Files: 131/132, data: 93.0%
Files: 131/132, data: 94.0%
Files: 131/132, data: 95.0%
Files: 131/132, data: 96.0%
Files: 131/132, data: 97.0%
Files: 131/132, data: 98.0%
Files: 131/132, data: 99.0%
Files: 131/132, data: 99.6%
Files: 132/132, data: 100.0%
Files: 132/132, data: 100.0%
Done: 132 files, 259.4MiB processed in 0.332 seconds.
2026-07-08 16:08:55.740+0000 INFO  [o.n.c.d.DumpCommand] Dump completed successfully
[nams-baremetal] dump ok: /workspace/story_env/logs/midnight_gemma4-e4b_klaus-nams-spacy-only_2026-07-08_16-04-24/klaus_memories_gemma4-e4b_klaus-nams-spacy-only.dump (172K)
[nams-baremetal] starting neo4j
Directories in use:
home:         /var/lib/neo4j
config:       /etc/neo4j
logs:         /var/log/neo4j
plugins:      /var/lib/neo4j/plugins
import:       /var/lib/neo4j/import
data:         /var/lib/neo4j/data
certificates: /var/lib/neo4j/certificates
licenses:     /var/lib/neo4j/licenses
run:          /var/lib/neo4j/run
Starting Neo4j.
Started neo4j (pid:268388). It is available at http://127.0.0.1:7474
There may be a short delay until the server is ready.
[nams-baremetal] bolt ready on :7687 after 0s
