[nams-baremetal] stopping neo4j
[nams-baremetal] dumping neo4j -> /workspace/story_env/logs/midnight_gemma4-e4b_klaus-nams-spacy-only_2026-07-08_17-12-59/klaus_memories_gemma4-e4b_klaus-nams-spacy-only.dump
2026-07-08 17:34:31.266+0000 INFO  [o.n.c.d.DumpCommand] Starting dump of database 'neo4j'

Files: 1/183, data:  0.0%
Files: 1/183, data:  0.0%
Files: 2/183, data:  0.0%
Files: 3/183, data:  0.0%
Files: 4/183, data:  0.0%
Files: 5/183, data:  0.1%
Files: 6/183, data:  0.1%
Files: 7/183, data:  0.1%
Files: 8/183, data:  0.1%
Files: 9/183, data:  0.1%
Files: 10/183, data:  0.1%
Files: 11/183, data:  0.1%
Files: 12/183, data:  0.2%
Files: 13/183, data:  0.2%
Files: 14/183, data:  0.2%
Files: 15/183, data:  0.2%
Files: 16/183, data:  0.2%
Files: 17/183, data:  0.2%
Files: 18/183, data:  0.2%
Files: 19/183, data:  0.3%
Files: 20/183, data:  0.3%
Files: 21/183, data:  0.3%
Files: 22/183, data:  0.3%
Files: 23/183, data:  0.3%
Files: 24/183, data:  0.3%
Files: 25/183, data:  0.3%
Files: 26/183, data:  0.3%
Files: 27/183, data:  0.3%
Files: 28/183, data:  0.3%
Files: 29/183, data:  0.3%
Files: 30/183, data:  0.4%
Files: 31/183, data:  0.4%
Files: 32/183, data:  0.4%
Files: 33/183, data:  0.4%
Files: 34/183, data:  0.5%
Files: 35/183, data:  0.5%
Files: 36/183, data:  0.5%
Files: 37/183, data:  0.5%
Files: 38/183, data:  0.5%
Files: 39/183, data:  0.5%
Files: 40/183, data:  0.6%
Files: 41/183, data:  0.6%
Files: 42/183, data:  0.6%
Files: 43/183, data:  0.6%
Files: 44/183, data:  0.6%
Files: 45/183, data:  0.6%
Files: 46/183, data:  0.6%
Files: 47/183, data:  0.7%
Files: 48/183, data:  0.7%
Files: 49/183, data:  0.7%
Files: 50/183, data:  0.7%
Files: 51/183, data:  0.7%
Files: 52/183, data:  0.8%
Files: 53/183, data:  0.8%
Files: 54/183, data:  0.8%
Files: 55/183, data:  0.8%
Files: 56/183, data:  0.8%
Files: 57/183, data:  0.8%
Files: 58/183, data:  0.8%
Files: 59/183, data:  0.9%
Files: 60/183, data:  0.9%
Files: 61/183, data:  0.9%
Files: 62/183, data:  0.9%
Files: 63/183, data:  0.9%
Files: 64/183, data:  0.9%
Files: 65/183, data:  0.9%
Files: 66/183, data:  0.9%
Files: 67/183, data:  0.9%
Files: 68/183, data:  0.9%
Files: 69/183, data:  0.9%
Files: 70/183, data:  0.9%
Files: 71/183, data:  0.9%
Files: 72/183, data:  0.9%
Files: 73/183, data:  0.9%
Files: 74/183, data:  0.9%
Files: 75/183, data:  0.9%
Files: 76/183, data:  0.9%
Files: 77/183, data:  0.9%
Files: 78/183, data:  0.9%
Files: 79/183, data:  0.9%
Files: 80/183, data:  0.9%
Files: 81/183, data:  0.9%
Files: 82/183, data:  0.9%
Files: 83/183, data:  0.9%
Files: 84/183, data:  0.9%
Files: 85/183, data:  0.9%
Files: 86/183, data:  0.9%
Files: 87/183, data:  0.9%
Files: 88/183, data:  0.9%
Files: 89/183, data:  0.9%
Files: 90/183, data:  0.9%
Files: 91/183, data:  0.9%
Files: 92/183, data:  0.9%
Files: 93/183, data:  0.9%
Files: 94/183, data:  0.9%
Files: 95/183, data:  0.9%
Files: 96/183, data:  0.9%
Files: 97/183, data:  0.9%
Files: 98/183, data:  0.9%
Files: 99/183, data:  0.9%
Files: 100/183, data:  0.9%
Files: 101/183, data:  0.9%
Files: 102/183, data:  0.9%
Files: 103/183, data:  0.9%
Files: 104/183, data:  0.9%
Files: 105/183, data:  0.9%
Files: 106/183, data:  0.9%
Files: 107/183, data:  0.9%
Files: 108/183, data:  0.9%
Files: 109/183, data:  0.9%
Files: 110/183, data:  0.9%
Files: 111/183, data:  0.9%
Files: 112/183, data:  0.9%
Files: 113/183, data:  0.9%
Files: 114/183, data:  0.9%
Files: 115/183, data:  0.9%
Files: 116/183, data:  0.9%
Files: 117/183, data:  0.9%
Files: 118/183, data:  0.9%
Files: 119/183, data:  0.9%
Files: 120/183, data:  0.9%
Files: 121/183, data:  0.9%
Files: 122/183, data:  0.9%
Files: 123/183, data:  0.9%
Files: 124/183, data:  0.9%
Files: 125/183, data:  0.9%
Files: 126/183, data:  0.9%
Files: 127/183, data:  0.9%
Files: 128/183, data:  0.9%
Files: 129/183, data:  0.9%
Files: 130/183, data:  1.0%
Files: 131/183, data:  1.0%
Files: 132/183, data:  1.0%
Files: 133/183, data:  1.0%
Files: 134/183, data:  1.0%
Files: 135/183, data:  1.0%
Files: 136/183, data:  1.0%
Files: 137/183, data:  1.0%
Files: 138/183, data:  1.0%
Files: 139/183, data:  1.0%
Files: 140/183, data:  1.0%
Files: 141/183, data:  1.0%
Files: 142/183, data:  1.0%
Files: 143/183, data:  1.0%
Files: 144/183, data:  1.0%
Files: 145/183, data:  1.0%
Files: 146/183, data:  1.0%
Files: 147/183, data:  1.0%
Files: 148/183, data:  1.0%
Files: 149/183, data:  1.0%
Files: 150/183, data:  1.0%
Files: 151/183, data:  1.0%
Files: 152/183, data:  1.0%
Files: 153/183, data:  1.0%
Files: 154/183, data:  1.0%
Files: 155/183, data:  1.0%
Files: 156/183, data:  1.0%
Files: 157/183, data:  1.0%
Files: 158/183, data:  1.0%
Files: 159/183, data:  1.0%
Files: 160/183, data:  1.0%
Files: 161/183, data:  1.0%
Files: 162/183, data:  1.0%
Files: 163/183, data:  1.0%
Files: 164/183, data:  1.0%
Files: 165/183, data:  1.0%
Files: 166/183, data:  1.0%
Files: 167/183, data:  1.0%
Files: 168/183, data:  1.0%
Files: 169/183, data:  1.0%
Files: 170/183, data:  1.0%
Files: 171/183, data:  1.0%
Files: 172/183, data:  1.0%
Files: 173/183, data:  1.0%
Files: 174/183, data:  1.0%
Files: 175/183, data:  1.0%
Files: 176/183, data:  1.0%
Files: 177/183, data:  1.0%
Files: 178/183, data:  1.0%
Files: 178/183, data:  1.0%
Files: 179/183, data:  1.0%
Files: 180/183, data:  1.0%
Files: 181/183, data:  1.0%
Files: 182/183, data:  2.0%
Files: 182/183, data:  3.0%
Files: 182/183, data:  4.0%
Files: 182/183, data:  5.0%
Files: 182/183, data:  6.0%
Files: 182/183, data:  7.0%
Files: 182/183, data:  8.0%
Files: 182/183, data:  9.0%
Files: 182/183, data: 10.0%
Files: 182/183, data: 11.0%
Files: 182/183, data: 12.0%
Files: 182/183, data: 13.0%
Files: 182/183, data: 14.0%
Files: 182/183, data: 15.0%
Files: 182/183, data: 16.0%
Files: 182/183, data: 17.0%
Files: 182/183, data: 18.0%
Files: 182/183, data: 19.0%
Files: 182/183, data: 20.0%
Files: 182/183, data: 21.0%
Files: 182/183, data: 22.0%
Files: 182/183, data: 23.0%
Files: 182/183, data: 24.0%
Files: 182/183, data: 25.0%
Files: 182/183, data: 26.0%
Files: 182/183, data: 27.0%
Files: 182/183, data: 28.0%
Files: 182/183, data: 29.0%
Files: 182/183, data: 30.0%
Files: 182/183, data: 31.0%
Files: 182/183, data: 32.0%
Files: 182/183, data: 33.0%
Files: 182/183, data: 34.0%
Files: 182/183, data: 35.0%
Files: 182/183, data: 36.0%
Files: 182/183, data: 37.0%
Files: 182/183, data: 38.0%
Files: 182/183, data: 39.0%
Files: 182/183, data: 40.0%
Files: 182/183, data: 41.0%
Files: 182/183, data: 42.0%
Files: 182/183, data: 43.0%
Files: 182/183, data: 44.0%
Files: 182/183, data: 45.0%
Files: 182/183, data: 46.0%
Files: 182/183, data: 47.0%
Files: 182/183, data: 48.0%
Files: 182/183, data: 49.0%
Files: 182/183, data: 50.0%
Files: 182/183, data: 51.0%
Files: 182/183, data: 52.0%
Files: 182/183, data: 53.0%
Files: 182/183, data: 54.0%
Files: 182/183, data: 55.0%
Files: 182/183, data: 56.0%
Files: 182/183, data: 57.0%
Files: 182/183, data: 58.0%
Files: 182/183, data: 59.0%
Files: 182/183, data: 60.0%
Files: 182/183, data: 61.0%
Files: 182/183, data: 62.0%
Files: 182/183, data: 63.0%
Files: 182/183, data: 64.0%
Files: 182/183, data: 65.0%
Files: 182/183, data: 66.0%
Files: 182/183, data: 67.0%
Files: 182/183, data: 68.0%
Files: 182/183, data: 69.0%
Files: 182/183, data: 70.0%
Files: 182/183, data: 71.0%
Files: 182/183, data: 72.0%
Files: 182/183, data: 73.0%
Files: 182/183, data: 74.0%
Files: 182/183, data: 75.0%
Files: 182/183, data: 76.0%
Files: 182/183, data: 77.0%
Files: 182/183, data: 78.0%
Files: 182/183, data: 79.0%
Files: 182/183, data: 80.0%
Files: 182/183, data: 81.0%
Files: 182/183, data: 82.0%
Files: 182/183, data: 83.0%
Files: 182/183, data: 84.0%
Files: 182/183, data: 85.0%
Files: 182/183, data: 86.0%
Files: 182/183, data: 87.0%
Files: 182/183, data: 88.0%
Files: 182/183, data: 89.0%
Files: 182/183, data: 90.0%
Files: 182/183, data: 91.0%
Files: 182/183, data: 92.0%
Files: 182/183, data: 93.0%
Files: 182/183, data: 94.0%
Files: 182/183, data: 95.0%
Files: 182/183, data: 96.0%
Files: 182/183, data: 97.0%
Files: 182/183, data: 98.0%
Files: 182/183, data: 99.0%
Files: 182/183, data: 99.6%
Files: 183/183, data: 100.0%
Files: 183/183, data: 100.0%
Done: 183 files, 259.6MiB processed in 0.341 seconds.
2026-07-08 17:34:32.010+0000 INFO  [o.n.c.d.DumpCommand] Dump completed successfully
[nams-baremetal] dump ok: /workspace/story_env/logs/midnight_gemma4-e4b_klaus-nams-spacy-only_2026-07-08_17-12-59/klaus_memories_gemma4-e4b_klaus-nams-spacy-only.dump (412K)
[nams-baremetal] starting neo4j
Directories in use:
home:         /var/lib/neo4j
config:       /etc/neo4j
logs:         /var/log/neo4j
plugins:      /var/lib/neo4j/plugins
import:       /var/lib/neo4j/import
data:         /var/lib/neo4j/data
certificates: /var/lib/neo4j/certificates
licenses:     /var/lib/neo4j/licenses
run:          /var/lib/neo4j/run
Starting Neo4j.
Started neo4j (pid:290269). It is available at http://127.0.0.1:7474
There may be a short delay until the server is ready.
[nams-baremetal] bolt ready on :7687 after 0s
