[20:56:07] === gemma4-e2b: starting (sim midnight_gemma4-e2b_2026-06-10_20-56-07) ===
[20:56:11] gemma4-e2b: 'run 8640' issued; polling every 60s.
[20:57:11] gemma4-e2b: step 0/8640 (60s elapsed)
[20:58:11] gemma4-e2b: step 0/8640 (120s elapsed)
[20:59:11] gemma4-e2b: step 0/8640 (180s elapsed)
[21:00:11] gemma4-e2b: step 2370/8640 (240s elapsed)
[21:01:11] gemma4-e2b: step 2562/8640 (300s elapsed)
[21:02:11] gemma4-e2b: step 2640/8640 (360s elapsed)
[21:03:11] gemma4-e2b: step 2790/8640 (420s elapsed)
[21:04:11] gemma4-e2b: step 2970/8640 (480s elapsed)
[21:05:11] gemma4-e2b: step 3059/8640 (540s elapsed)
[21:06:11] gemma4-e2b: step 3241/8640 (600s elapsed)
[21:07:11] gemma4-e2b: step 3450/8640 (660s elapsed)
[21:08:11] gemma4-e2b: step 3600/8640 (720s elapsed)
[21:09:11] gemma4-e2b: step 3660/8640 (780s elapsed)
[21:10:11] gemma4-e2b: step 3669/8640 (840s elapsed)
[21:11:11] gemma4-e2b: step 3669/8640 (900s elapsed)
[21:12:11] gemma4-e2b: step 3669/8640 (960s elapsed)
[21:13:11] gemma4-e2b: step 3669/8640 (1020s elapsed)
[21:14:11] gemma4-e2b: step 3669/8640 (1080s elapsed)
[21:15:11] gemma4-e2b: step 3753/8640 (1140s elapsed)
[21:16:11] gemma4-e2b: step 3780/8640 (1200s elapsed)
[21:17:12] gemma4-e2b: step 3914/8640 (1261s elapsed)
[21:18:12] gemma4-e2b: step 3960/8640 (1321s elapsed)
[21:19:12] gemma4-e2b: step 3972/8640 (1381s elapsed)
[21:20:12] gemma4-e2b: step 3972/8640 (1441s elapsed)
[21:21:12] gemma4-e2b: step 3972/8640 (1501s elapsed)
[21:22:12] gemma4-e2b: step 3972/8640 (1561s elapsed)
[21:23:12] gemma4-e2b: step 4092/8640 (1621s elapsed)
[21:24:12] gemma4-e2b: step 4329/8640 (1681s elapsed)
[21:25:12] gemma4-e2b: step 4346/8640 (1741s elapsed)
[21:26:12] gemma4-e2b: step 4346/8640 (1801s elapsed)
[21:27:12] gemma4-e2b: step 4347/8640 (1861s elapsed)
[21:28:12] gemma4-e2b: step 4471/8640 (1921s elapsed)
[21:29:12] gemma4-e2b: step 4572/8640 (1981s elapsed)
[21:30:12] gemma4-e2b: step 4612/8640 (2041s elapsed)
[21:31:12] gemma4-e2b: step 4612/8640 (2101s elapsed)
[21:32:12] gemma4-e2b: step 4691/8640 (2161s elapsed)
[21:33:12] gemma4-e2b: step 4693/8640 (2221s elapsed)
[21:34:12] gemma4-e2b: step 4693/8640 (2281s elapsed)
[21:35:12] gemma4-e2b: step 4693/8640 (2341s elapsed)
[21:36:12] gemma4-e2b: step 4830/8640 (2401s elapsed)
[21:37:12] gemma4-e2b: step 4830/8640 (2461s elapsed)
[21:38:12] gemma4-e2b: step 4873/8640 (2521s elapsed)
[21:39:12] gemma4-e2b: step 4962/8640 (2581s elapsed)
[21:40:12] gemma4-e2b: step 5232/8640 (2641s elapsed)
[21:41:12] gemma4-e2b: step 5352/8640 (2701s elapsed)
[21:42:12] gemma4-e2b: step 5468/8640 (2761s elapsed)
[21:43:13] gemma4-e2b: step 5468/8640 (2822s elapsed)
[21:44:13] gemma4-e2b: step 5468/8640 (2882s elapsed)
[21:45:13] gemma4-e2b: step 5469/8640 (2942s elapsed)
[21:46:13] gemma4-e2b: step 5634/8640 (3002s elapsed)
[21:47:13] gemma4-e2b: step 5820/8640 (3062s elapsed)
[21:48:13] gemma4-e2b: step 5820/8640 (3122s elapsed)
[21:49:13] gemma4-e2b: step 5820/8640 (3182s elapsed)
[21:50:13] gemma4-e2b: step 5821/8640 (3242s elapsed)
[21:51:13] gemma4-e2b: step 5941/8640 (3302s elapsed)
[21:52:13] gemma4-e2b: step 6150/8640 (3362s elapsed)
[21:53:13] gemma4-e2b: step 6305/8640 (3422s elapsed)
[21:54:13] gemma4-e2b: step 6438/8640 (3482s elapsed)
[21:55:13] gemma4-e2b: step 6618/8640 (3542s elapsed)
[21:56:13] gemma4-e2b: step 6769/8640 (3602s elapsed)
[21:57:13] gemma4-e2b: step 6870/8640 (3662s elapsed)
[21:58:13] gemma4-e2b: step 7038/8640 (3722s elapsed)
[21:59:13] gemma4-e2b: step 7121/8640 (3782s elapsed)
[22:00:13] gemma4-e2b: step 7140/8640 (3842s elapsed)
[22:01:13] gemma4-e2b: step 7157/8640 (3902s elapsed)
[22:02:13] gemma4-e2b: step 7206/8640 (3962s elapsed)
[22:03:13] gemma4-e2b: step 7369/8640 (4022s elapsed)
[22:04:13] gemma4-e2b: step 7502/8640 (4082s elapsed)
[22:05:13] gemma4-e2b: step 7502/8640 (4142s elapsed)
[22:06:13] gemma4-e2b: step 7502/8640 (4202s elapsed)
[22:07:13] gemma4-e2b: step 7542/8640 (4262s elapsed)
[22:08:14] gemma4-e2b: step 7688/8640 (4323s elapsed)
[22:09:14] gemma4-e2b: step 8136/8640 (4383s elapsed)
[22:10:14] gemma4-e2b: step 8256/8640 (4443s elapsed)
[22:11:14] gemma4-e2b: step 8256/8640 (4503s elapsed)
[22:12:14] gemma4-e2b: step 8256/8640 (4563s elapsed)
[22:13:14] gemma4-e2b: step 8256/8640 (4623s elapsed)
[22:14:14] gemma4-e2b: step 8256/8640 (4683s elapsed)
[22:15:14] gemma4-e2b: step 8256/8640 (4743s elapsed)
[22:16:14] gemma4-e2b: step 8256/8640 (4803s elapsed)
[22:17:14] gemma4-e2b: step 8256/8640 (4863s elapsed)
[22:18:14] gemma4-e2b: step 8256/8640 (4923s elapsed)
[22:19:14] gemma4-e2b: step 8256/8640 (4983s elapsed)
[22:20:14] gemma4-e2b: step 8256/8640 (5043s elapsed)
[22:21:14] gemma4-e2b: step 8256/8640 (5103s elapsed)
[22:22:14] gemma4-e2b: step 8256/8640 (5163s elapsed)
[22:23:14] gemma4-e2b: step 8256/8640 (5223s elapsed)
[22:24:14] gemma4-e2b: step 8256/8640 (5283s elapsed)
[22:25:14] gemma4-e2b: step 8256/8640 (5343s elapsed)
[22:26:14] gemma4-e2b: step 8256/8640 (5403s elapsed)
[22:27:14] gemma4-e2b: step 8256/8640 (5463s elapsed)
[22:28:14] gemma4-e2b: step 8256/8640 (5523s elapsed)
[22:29:14] gemma4-e2b: step 8256/8640 (5583s elapsed)
[22:30:14] gemma4-e2b: step 8256/8640 (5643s elapsed)
[22:31:14] gemma4-e2b: step 8256/8640 (5703s elapsed)
[22:32:14] gemma4-e2b: step 8256/8640 (5763s elapsed)
[22:33:15] gemma4-e2b: step 8256/8640 (5824s elapsed)
[22:34:15] gemma4-e2b: step 8256/8640 (5884s elapsed)
[22:35:15] gemma4-e2b: step 8256/8640 (5944s elapsed)
[22:36:15] gemma4-e2b: step 8256/8640 (6004s elapsed)
[22:37:15] gemma4-e2b: step 8256/8640 (6064s elapsed)
[22:38:15] gemma4-e2b: step 8256/8640 (6124s elapsed)
[22:39:15] gemma4-e2b: step 8256/8640 (6184s elapsed)
[22:40:15] gemma4-e2b: step 8256/8640 (6244s elapsed)
[22:41:15] gemma4-e2b: step 8256/8640 (6304s elapsed)
[22:42:15] gemma4-e2b: step 8256/8640 (6364s elapsed)
[22:43:15] gemma4-e2b: step 8256/8640 (6424s elapsed)
[22:44:15] gemma4-e2b: step 8256/8640 (6484s elapsed)
[22:45:15] gemma4-e2b: step 8256/8640 (6544s elapsed)
[22:46:15] gemma4-e2b: step 8256/8640 (6604s elapsed)
[22:47:15] gemma4-e2b: step 8256/8640 (6664s elapsed)
[22:48:15] gemma4-e2b: step 8256/8640 (6724s elapsed)
[22:49:15] gemma4-e2b: step 8256/8640 (6784s elapsed)
[22:50:15] gemma4-e2b: step 8256/8640 (6844s elapsed)
[22:51:15] gemma4-e2b: step 8256/8640 (6904s elapsed)
[22:52:15] gemma4-e2b: step 8256/8640 (6964s elapsed)
[22:53:15] gemma4-e2b: step 8256/8640 (7024s elapsed)
[22:54:15] gemma4-e2b: step 8256/8640 (7084s elapsed)
[22:55:15] gemma4-e2b: step 8256/8640 (7144s elapsed)
[22:56:15] gemma4-e2b: step 8256/8640 (7204s elapsed)
[22:57:15] gemma4-e2b: step 8256/8640 (7264s elapsed)
[22:58:15] gemma4-e2b: step 8256/8640 (7324s elapsed)
[22:59:16] gemma4-e2b: step 8256/8640 (7385s elapsed)
[23:00:16] gemma4-e2b: step 8256/8640 (7445s elapsed)
[23:01:16] gemma4-e2b: step 8256/8640 (7505s elapsed)
[23:02:16] gemma4-e2b: step 8256/8640 (7565s elapsed)
[23:03:16] gemma4-e2b: step 8256/8640 (7625s elapsed)
[23:04:16] gemma4-e2b: step 8256/8640 (7685s elapsed)
[23:05:16] gemma4-e2b: step 8256/8640 (7745s elapsed)
[23:06:16] gemma4-e2b: step 8256/8640 (7805s elapsed)
[23:07:16] gemma4-e2b: step 8256/8640 (7865s elapsed)
[23:08:16] gemma4-e2b: step 8256/8640 (7925s elapsed)
[23:09:16] gemma4-e2b: step 8256/8640 (7985s elapsed)
[23:10:16] gemma4-e2b: step 8256/8640 (8045s elapsed)
[23:11:16] gemma4-e2b: step 8256/8640 (8105s elapsed)
[23:12:16] gemma4-e2b: step 8256/8640 (8165s elapsed)
[23:13:16] gemma4-e2b: step 8256/8640 (8225s elapsed)
[23:14:16] gemma4-e2b: step 8256/8640 (8285s elapsed)
[23:15:16] gemma4-e2b: step 8256/8640 (8345s elapsed)
[23:16:16] gemma4-e2b: step 8256/8640 (8405s elapsed)
[23:17:16] gemma4-e2b: step 8256/8640 (8465s elapsed)
[23:18:16] gemma4-e2b: step 8256/8640 (8525s elapsed)
[23:19:16] gemma4-e2b: step 8256/8640 (8585s elapsed)
[23:20:16] gemma4-e2b: step 8256/8640 (8645s elapsed)
[23:21:16] gemma4-e2b: step 8256/8640 (8705s elapsed)
[23:22:16] gemma4-e2b: step 8256/8640 (8765s elapsed)
[23:23:16] gemma4-e2b: step 8256/8640 (8825s elapsed)
[23:24:16] gemma4-e2b: step 8256/8640 (8885s elapsed)
[23:25:17] gemma4-e2b: step 8256/8640 (8946s elapsed)
[23:26:17] gemma4-e2b: step 8256/8640 (9006s elapsed)
[23:27:17] gemma4-e2b: step 8256/8640 (9066s elapsed)
[23:28:17] gemma4-e2b: step 8256/8640 (9126s elapsed)
[23:29:17] gemma4-e2b: step 8256/8640 (9186s elapsed)
[23:30:17] gemma4-e2b: step 8256/8640 (9246s elapsed)
[23:31:17] gemma4-e2b: step 8256/8640 (9306s elapsed)
[23:32:17] gemma4-e2b: step 8256/8640 (9366s elapsed)
[23:33:17] gemma4-e2b: step 8256/8640 (9426s elapsed)
[23:34:17] gemma4-e2b: step 8256/8640 (9486s elapsed)
[23:35:17] gemma4-e2b: step 8256/8640 (9546s elapsed)
[23:36:17] gemma4-e2b: step 8256/8640 (9606s elapsed)
[23:37:17] gemma4-e2b: step 8256/8640 (9666s elapsed)
[23:38:17] gemma4-e2b: step 8256/8640 (9726s elapsed)
[23:39:17] gemma4-e2b: step 8256/8640 (9786s elapsed)
[23:40:17] gemma4-e2b: step 8256/8640 (9846s elapsed)
[23:41:17] gemma4-e2b: step 8256/8640 (9906s elapsed)
[23:42:17] gemma4-e2b: step 8256/8640 (9966s elapsed)
[23:43:17] gemma4-e2b: step 8256/8640 (10026s elapsed)
[23:44:17] gemma4-e2b: step 8256/8640 (10086s elapsed)
[23:45:17] gemma4-e2b: step 8256/8640 (10146s elapsed)
[23:46:17] gemma4-e2b: step 8256/8640 (10206s elapsed)
[23:47:17] gemma4-e2b: step 8256/8640 (10266s elapsed)
[23:48:17] gemma4-e2b: step 8256/8640 (10326s elapsed)
[23:49:17] gemma4-e2b: step 8256/8640 (10386s elapsed)
[23:50:18] gemma4-e2b: step 8256/8640 (10447s elapsed)
[23:51:18] gemma4-e2b: step 8256/8640 (10507s elapsed)
[23:52:18] gemma4-e2b: step 8256/8640 (10567s elapsed)
[23:53:18] gemma4-e2b: step 8256/8640 (10627s elapsed)
[23:54:18] gemma4-e2b: step 8256/8640 (10687s elapsed)
[23:55:18] gemma4-e2b: step 8256/8640 (10747s elapsed)
[23:56:18] gemma4-e2b: step 8256/8640 (10807s elapsed)
[23:56:18] gemma4-e2b: budget exhausted; interrupting the run.
[23:56:33] gemma4-e2b: sending 'fin' to save.
[23:56:43] === gemma4-e2b: TIMED OUT at step 8256 (10832s) ===
[23:56:43] gemma4-e2b: run did not complete cleanly; moving on.
[23:56:43] === gemma4-e4b: starting (sim midnight_gemma4-e4b_2026-06-10_20-56-07) ===
[23:56:47] gemma4-e4b: 'run 8640' issued; polling every 60s.
[23:57:47] gemma4-e4b: step 0/8640 (60s elapsed)
[23:58:47] gemma4-e4b: step 0/8640 (120s elapsed)
[23:59:47] gemma4-e4b: step 0/8640 (180s elapsed)
[00:00:47] gemma4-e4b: step 0/8640 (240s elapsed)
[00:01:47] gemma4-e4b: step 2190/8640 (300s elapsed)
[00:02:47] gemma4-e4b: step 2520/8640 (360s elapsed)
[00:03:47] gemma4-e4b: step 2580/8640 (420s elapsed)
[00:04:47] gemma4-e4b: step 2640/8640 (480s elapsed)
[00:05:47] gemma4-e4b: step 2880/8640 (540s elapsed)
[00:06:47] gemma4-e4b: step 2880/8640 (600s elapsed)
[00:07:47] gemma4-e4b: step 2880/8640 (660s elapsed)
[00:08:47] gemma4-e4b: step 2880/8640 (720s elapsed)
[00:09:47] gemma4-e4b: step 2880/8640 (780s elapsed)
[00:10:47] gemma4-e4b: step 2880/8640 (840s elapsed)
[00:11:47] gemma4-e4b: step 2910/8640 (900s elapsed)
[00:12:48] gemma4-e4b: step 3120/8640 (960s elapsed)
[00:13:48] gemma4-e4b: step 3240/8640 (1021s elapsed)
[00:14:48] gemma4-e4b: step 3240/8640 (1081s elapsed)
[00:15:48] gemma4-e4b: step 3240/8640 (1141s elapsed)
[00:16:48] gemma4-e4b: step 3240/8640 (1201s elapsed)
[00:17:48] gemma4-e4b: step 3240/8640 (1261s elapsed)
[00:18:48] gemma4-e4b: step 3270/8640 (1321s elapsed)
[00:19:48] gemma4-e4b: step 3270/8640 (1381s elapsed)
[00:20:48] gemma4-e4b: step 3270/8640 (1441s elapsed)
[00:21:48] gemma4-e4b: step 3270/8640 (1501s elapsed)
[00:22:48] gemma4-e4b: step 3270/8640 (1561s elapsed)
[00:23:48] gemma4-e4b: step 3300/8640 (1621s elapsed)
[00:24:48] gemma4-e4b: step 3300/8640 (1681s elapsed)
[00:25:48] gemma4-e4b: step 3300/8640 (1741s elapsed)
[00:26:48] gemma4-e4b: step 3300/8640 (1801s elapsed)
[00:27:48] gemma4-e4b: step 3300/8640 (1861s elapsed)
[00:28:48] gemma4-e4b: step 3330/8640 (1921s elapsed)
[00:29:48] gemma4-e4b: step 3330/8640 (1981s elapsed)
[00:30:48] gemma4-e4b: step 3330/8640 (2041s elapsed)
[00:31:48] gemma4-e4b: step 3330/8640 (2101s elapsed)
[00:32:48] gemma4-e4b: step 3330/8640 (2161s elapsed)
[00:33:48] gemma4-e4b: step 3360/8640 (2221s elapsed)
[00:34:48] gemma4-e4b: step 3360/8640 (2281s elapsed)
[00:35:48] gemma4-e4b: step 3360/8640 (2341s elapsed)
[00:36:48] gemma4-e4b: step 3360/8640 (2401s elapsed)
[00:37:48] gemma4-e4b: step 3360/8640 (2461s elapsed)
[00:38:48] gemma4-e4b: step 3420/8640 (2521s elapsed)
[00:39:49] gemma4-e4b: step 3420/8640 (2582s elapsed)
[00:40:49] gemma4-e4b: step 3420/8640 (2642s elapsed)
[00:41:49] gemma4-e4b: step 3420/8640 (2702s elapsed)
[00:42:49] gemma4-e4b: step 3420/8640 (2762s elapsed)
[00:43:49] gemma4-e4b: step 3510/8640 (2822s elapsed)
[00:44:49] gemma4-e4b: step 3510/8640 (2882s elapsed)
[00:45:49] gemma4-e4b: step 3510/8640 (2942s elapsed)
[00:46:49] gemma4-e4b: step 3510/8640 (3002s elapsed)
[00:47:49] gemma4-e4b: step 3510/8640 (3062s elapsed)
[00:48:49] gemma4-e4b: step 3570/8640 (3122s elapsed)
[00:49:49] gemma4-e4b: step 3570/8640 (3182s elapsed)
[00:50:49] gemma4-e4b: step 3570/8640 (3242s elapsed)
[00:51:49] gemma4-e4b: step 3570/8640 (3302s elapsed)
[00:52:49] gemma4-e4b: step 3570/8640 (3362s elapsed)
[00:53:49] gemma4-e4b: step 3600/8640 (3422s elapsed)
[00:54:49] gemma4-e4b: step 3600/8640 (3482s elapsed)
[00:55:49] gemma4-e4b: step 3600/8640 (3542s elapsed)
[00:56:49] gemma4-e4b: step 3600/8640 (3602s elapsed)
[00:57:49] gemma4-e4b: step 3600/8640 (3662s elapsed)
[00:58:49] gemma4-e4b: step 3656/8640 (3722s elapsed)
[00:59:49] gemma4-e4b: step 3656/8640 (3782s elapsed)
[01:00:49] gemma4-e4b: step 3656/8640 (3842s elapsed)
[01:01:49] gemma4-e4b: step 3714/8640 (3902s elapsed)
[01:02:49] gemma4-e4b: step 3714/8640 (3962s elapsed)
[01:03:49] gemma4-e4b: step 3714/8640 (4022s elapsed)
[01:04:49] gemma4-e4b: step 3714/8640 (4082s elapsed)
[01:05:50] gemma4-e4b: step 3714/8640 (4143s elapsed)
[01:06:50] gemma4-e4b: step 3780/8640 (4203s elapsed)
[01:07:50] gemma4-e4b: step 3993/8640 (4263s elapsed)
[01:08:50] gemma4-e4b: step 4022/8640 (4323s elapsed)
[01:09:50] gemma4-e4b: step 4022/8640 (4383s elapsed)
[01:10:50] gemma4-e4b: step 4230/8640 (4443s elapsed)
[01:11:50] gemma4-e4b: step 4591/8640 (4503s elapsed)
[01:12:50] gemma4-e4b: step 4591/8640 (4563s elapsed)
[01:13:50] gemma4-e4b: step 4592/8640 (4623s elapsed)
[01:14:50] gemma4-e4b: step 4592/8640 (4683s elapsed)
[01:15:50] gemma4-e4b: step 4632/8640 (4743s elapsed)
[01:16:50] gemma4-e4b: step 4632/8640 (4803s elapsed)
[01:17:50] gemma4-e4b: step 4632/8640 (4863s elapsed)
[01:18:50] gemma4-e4b: step 4632/8640 (4923s elapsed)
[01:19:50] gemma4-e4b: step 4632/8640 (4983s elapsed)
[01:20:50] gemma4-e4b: step 4692/8640 (5043s elapsed)
[01:21:50] gemma4-e4b: step 4692/8640 (5103s elapsed)
[01:22:50] gemma4-e4b: step 4692/8640 (5163s elapsed)
[01:23:50] gemma4-e4b: step 4811/8640 (5223s elapsed)
[01:24:50] gemma4-e4b: step 5042/8640 (5283s elapsed)
[01:25:50] gemma4-e4b: step 5042/8640 (5343s elapsed)
[01:26:50] gemma4-e4b: step 5146/8640 (5403s elapsed)
[01:27:50] gemma4-e4b: step 5382/8640 (5463s elapsed)
[01:28:50] gemma4-e4b: step 5491/8640 (5523s elapsed)
[01:29:50] gemma4-e4b: step 5492/8640 (5583s elapsed)
[01:30:50] gemma4-e4b: step 5492/8640 (5643s elapsed)
[01:31:51] gemma4-e4b: step 5526/8640 (5704s elapsed)
[01:32:51] gemma4-e4b: step 5823/8640 (5764s elapsed)
[01:33:51] gemma4-e4b: step 5823/8640 (5824s elapsed)
[01:34:51] gemma4-e4b: step 5943/8640 (5884s elapsed)
[01:35:51] gemma4-e4b: step 5943/8640 (5944s elapsed)
[01:36:51] gemma4-e4b: step 5943/8640 (6004s elapsed)
[01:37:51] gemma4-e4b: step 6073/8640 (6064s elapsed)
[01:38:51] gemma4-e4b: step 6073/8640 (6124s elapsed)
[01:39:51] gemma4-e4b: step 6165/8640 (6184s elapsed)
[01:40:51] gemma4-e4b: step 6165/8640 (6244s elapsed)
[01:41:51] gemma4-e4b: step 6189/8640 (6304s elapsed)
[01:42:51] gemma4-e4b: step 6209/8640 (6364s elapsed)
[01:43:51] gemma4-e4b: step 6360/8640 (6424s elapsed)
[01:44:51] gemma4-e4b: step 6373/8640 (6484s elapsed)
[01:45:51] gemma4-e4b: step 6588/8640 (6544s elapsed)
[01:46:51] gemma4-e4b: step 6588/8640 (6604s elapsed)
[01:47:51] gemma4-e4b: step 6588/8640 (6664s elapsed)
[01:48:51] gemma4-e4b: step 6661/8640 (6724s elapsed)
[01:49:51] gemma4-e4b: step 6661/8640 (6784s elapsed)
[01:50:51] gemma4-e4b: step 6721/8640 (6844s elapsed)
[01:51:51] gemma4-e4b: step 6948/8640 (6904s elapsed)
[01:52:51] gemma4-e4b: step 7044/8640 (6964s elapsed)
[01:53:51] gemma4-e4b: step 7104/8640 (7024s elapsed)
[01:54:51] gemma4-e4b: step 7104/8640 (7084s elapsed)
[01:55:51] gemma4-e4b: step 7120/8640 (7144s elapsed)
[01:56:51] gemma4-e4b: step 7164/8640 (7204s elapsed)
[01:57:52] gemma4-e4b: step 7254/8640 (7265s elapsed)
[01:58:52] gemma4-e4b: step 7464/8640 (7325s elapsed)
[01:59:52] gemma4-e4b: step 7464/8640 (7385s elapsed)
[02:00:52] gemma4-e4b: step 7464/8640 (7445s elapsed)
[02:01:52] gemma4-e4b: step 7464/8640 (7505s elapsed)
[02:02:52] gemma4-e4b: step 7464/8640 (7565s elapsed)
[02:03:52] gemma4-e4b: step 7464/8640 (7625s elapsed)
[02:04:52] gemma4-e4b: step 7494/8640 (7685s elapsed)
[02:05:52] gemma4-e4b: step 7524/8640 (7745s elapsed)
[02:06:52] gemma4-e4b: step 7524/8640 (7805s elapsed)
[02:07:52] gemma4-e4b: step 7536/8640 (7865s elapsed)
[02:08:52] gemma4-e4b: step 7554/8640 (7925s elapsed)
[02:09:52] gemma4-e4b: step 7554/8640 (7985s elapsed)
[02:10:52] gemma4-e4b: step 7554/8640 (8045s elapsed)
[02:11:52] gemma4-e4b: step 7554/8640 (8105s elapsed)
[02:12:52] gemma4-e4b: step 7554/8640 (8165s elapsed)
[02:13:52] gemma4-e4b: step 7560/8640 (8225s elapsed)
[02:14:52] gemma4-e4b: step 7560/8640 (8285s elapsed)
[02:15:52] gemma4-e4b: step 7584/8640 (8345s elapsed)
[02:16:52] gemma4-e4b: step 7584/8640 (8405s elapsed)
[02:17:52] gemma4-e4b: step 7614/8640 (8465s elapsed)
[02:18:52] gemma4-e4b: step 7620/8640 (8525s elapsed)
[02:19:52] gemma4-e4b: step 7644/8640 (8585s elapsed)
[02:20:52] gemma4-e4b: step 7644/8640 (8645s elapsed)
[02:21:52] gemma4-e4b: step 7644/8640 (8705s elapsed)
[02:22:53] gemma4-e4b: step 7644/8640 (8766s elapsed)
[02:23:53] gemma4-e4b: step 7644/8640 (8826s elapsed)
[02:24:53] gemma4-e4b: step 7644/8640 (8886s elapsed)
[02:25:53] gemma4-e4b: step 7674/8640 (8946s elapsed)
[02:26:53] gemma4-e4b: step 7674/8640 (9006s elapsed)
[02:27:53] gemma4-e4b: step 7740/8640 (9066s elapsed)
[02:28:53] gemma4-e4b: step 7740/8640 (9126s elapsed)
[02:29:53] gemma4-e4b: step 7885/8640 (9186s elapsed)
[02:30:53] gemma4-e4b: step 7885/8640 (9246s elapsed)
[02:31:53] gemma4-e4b: step 7920/8640 (9306s elapsed)
[02:32:53] gemma4-e4b: step 7944/8640 (9366s elapsed)
[02:33:53] gemma4-e4b: step 7980/8640 (9426s elapsed)
[02:34:53] gemma4-e4b: step 8041/8640 (9486s elapsed)
[02:35:53] gemma4-e4b: step 8202/8640 (9546s elapsed)
[02:36:53] gemma4-e4b: step 8202/8640 (9606s elapsed)
[02:37:53] gemma4-e4b: step 8202/8640 (9666s elapsed)
[02:38:53] gemma4-e4b: step 8202/8640 (9726s elapsed)
[02:39:53] gemma4-e4b: step 8269/8640 (9786s elapsed)
[02:40:53] gemma4-e4b: step 8300/8640 (9846s elapsed)
[02:41:53] gemma4-e4b: step 8335/8640 (9906s elapsed)
[02:42:53] gemma4-e4b: step 8478/8640 (9966s elapsed)
[02:43:53] gemma4-e4b: step 8640/8640 (10026s elapsed)
[02:43:53] gemma4-e4b: sending 'fin' to save.
[02:44:03] === gemma4-e4b: COMPLETED (10036s) ===
[02:44:03] === legacy-gpt: starting (sim midnight_legacy-gpt_2026-06-10_20-56-07) ===
[02:44:07] legacy-gpt: 'run 8640' issued; polling every 60s.
[02:45:07] legacy-gpt: step 0/8640 (60s elapsed)
[02:46:08] legacy-gpt: step 2250/8640 (121s elapsed)
[02:47:08] legacy-gpt: step 2550/8640 (181s elapsed)
[02:48:08] legacy-gpt: step 2760/8640 (241s elapsed)
[02:49:08] legacy-gpt: step 2882/8640 (301s elapsed)
[02:50:08] legacy-gpt: step 3090/8640 (361s elapsed)
[02:51:08] legacy-gpt: step 3330/8640 (421s elapsed)
[02:52:08] legacy-gpt: step 3396/8640 (481s elapsed)
[02:53:08] legacy-gpt: step 3546/8640 (541s elapsed)
[02:54:08] legacy-gpt: step 3661/8640 (601s elapsed)
[02:55:08] legacy-gpt: step 3942/8640 (661s elapsed)
[02:56:08] legacy-gpt: step 4050/8640 (721s elapsed)
[02:57:08] legacy-gpt: step 4230/8640 (781s elapsed)
[02:58:08] legacy-gpt: step 4338/8640 (841s elapsed)
[02:59:08] legacy-gpt: step 4381/8640 (901s elapsed)
[03:00:08] legacy-gpt: step 4434/8640 (961s elapsed)
[03:01:08] legacy-gpt: step 4499/8640 (1021s elapsed)
[03:02:08] legacy-gpt: step 4574/8640 (1081s elapsed)
[03:03:08] legacy-gpt: step 4618/8640 (1141s elapsed)
[03:04:08] legacy-gpt: step 4710/8640 (1201s elapsed)
[03:05:08] legacy-gpt: step 4746/8640 (1261s elapsed)
[03:06:08] legacy-gpt: step 4847/8640 (1321s elapsed)
[03:07:08] legacy-gpt: step 4887/8640 (1381s elapsed)
[03:08:08] legacy-gpt: step 5040/8640 (1441s elapsed)
[03:09:08] legacy-gpt: step 5190/8640 (1501s elapsed)
[03:10:08] legacy-gpt: step 5574/8640 (1561s elapsed)
[03:11:08] legacy-gpt: step 5594/8640 (1621s elapsed)
[03:12:08] legacy-gpt: step 5595/8640 (1681s elapsed)
[03:13:09] legacy-gpt: step 5709/8640 (1742s elapsed)
[03:14:09] legacy-gpt: step 5772/8640 (1802s elapsed)
[03:15:09] legacy-gpt: step 5892/8640 (1862s elapsed)
[03:16:09] legacy-gpt: step 5968/8640 (1922s elapsed)
[03:17:09] legacy-gpt: step 6222/8640 (1982s elapsed)
[03:18:09] legacy-gpt: step 6493/8640 (2042s elapsed)
[03:19:09] legacy-gpt: step 6493/8640 (2102s elapsed)
[03:20:09] legacy-gpt: step 6594/8640 (2162s elapsed)
[03:21:09] legacy-gpt: step 6609/8640 (2222s elapsed)
[03:22:09] legacy-gpt: step 6681/8640 (2282s elapsed)
[03:23:09] legacy-gpt: step 6796/8640 (2342s elapsed)
[03:24:09] legacy-gpt: step 6925/8640 (2402s elapsed)
[03:25:09] legacy-gpt: step 7002/8640 (2462s elapsed)
[03:26:09] legacy-gpt: step 7164/8640 (2522s elapsed)
[03:27:09] legacy-gpt: step 7251/8640 (2582s elapsed)
[03:28:09] legacy-gpt: step 7362/8640 (2642s elapsed)
[03:29:09] legacy-gpt: step 7543/8640 (2702s elapsed)
[03:30:09] legacy-gpt: step 7570/8640 (2762s elapsed)
[03:31:09] legacy-gpt: step 7668/8640 (2822s elapsed)
[03:32:09] legacy-gpt: step 7688/8640 (2882s elapsed)
[03:33:09] legacy-gpt: step 7884/8640 (2942s elapsed)
[03:34:09] legacy-gpt: step 7920/8640 (3002s elapsed)
[03:35:09] legacy-gpt: step 7950/8640 (3062s elapsed)
[03:36:09] legacy-gpt: step 8100/8640 (3122s elapsed)
[03:37:09] legacy-gpt: step 8289/8640 (3182s elapsed)
[03:38:09] legacy-gpt: step 8305/8640 (3242s elapsed)
[03:39:10] legacy-gpt: step 8490/8640 (3303s elapsed)
[03:40:10] legacy-gpt: step 8610/8640 (3363s elapsed)
[03:41:10] legacy-gpt: step 8640/8640 (3423s elapsed)
[03:41:10] legacy-gpt: sending 'fin' to save.
[03:41:20] === legacy-gpt: COMPLETED (3433s) ===
[03:41:20] All runs done. Summary:
midnight_test 2026-06-10_20-56-07: 8640 steps each on: gemma4-e2b gemma4-e4b legacy-gpt
gemma4-e2b: TIMED OUT at step 8256, 10832s, sim midnight_gemma4-e2b_2026-06-10_20-56-07, logs /workspace/story_env/logs/midnight_gemma4-e2b_2026-06-10_20-56-07
gemma4-e4b: COMPLETED, 10036s, sim midnight_gemma4-e4b_2026-06-10_20-56-07, logs /workspace/story_env/logs/midnight_gemma4-e4b_2026-06-10_20-56-07
legacy-gpt: COMPLETED, 3433s, sim midnight_legacy-gpt_2026-06-10_20-56-07, logs /workspace/story_env/logs/midnight_legacy-gpt_2026-06-10_20-56-07
