[nams-baremetal] stopping neo4j
[nams-baremetal] dumping neo4j -> /workspace/story_env/logs/midnight_gemma4-e4b_klaus-nams-spacy-only_2026-07-08_19-55-06/klaus_memories_gemma4-e4b_klaus-nams-spacy-only.dump
2026-07-08 21:21:49.110+0000 INFO  [o.n.c.d.DumpCommand] Starting dump of database 'neo4j'

Files: 1/262, data:  0.0%
Files: 1/262, data:  0.0%
Files: 2/262, data:  0.0%
Files: 3/262, data:  0.0%
Files: 4/262, data:  0.0%
Files: 5/262, data:  0.1%
Files: 6/262, data:  0.1%
Files: 7/262, data:  0.1%
Files: 8/262, data:  0.1%
Files: 9/262, data:  0.1%
Files: 10/262, data:  0.1%
Files: 11/262, data:  0.1%
Files: 12/262, data:  0.3%
Files: 13/262, data:  0.3%
Files: 14/262, data:  0.4%
Files: 15/262, data:  0.4%
Files: 16/262, data:  0.4%
Files: 17/262, data:  0.4%
Files: 18/262, data:  0.4%
Files: 19/262, data:  0.4%
Files: 20/262, data:  0.4%
Files: 21/262, data:  0.5%
Files: 22/262, data:  0.5%
Files: 23/262, data:  0.5%
Files: 24/262, data:  0.5%
Files: 25/262, data:  0.5%
Files: 26/262, data:  0.5%
Files: 27/262, data:  0.5%
Files: 28/262, data:  0.5%
Files: 29/262, data:  0.5%
Files: 30/262, data:  0.5%
Files: 31/262, data:  0.5%
Files: 32/262, data:  0.6%
Files: 33/262, data:  0.6%
Files: 34/262, data:  0.6%
Files: 35/262, data:  0.7%
Files: 36/262, data:  0.7%
Files: 37/262, data:  0.7%
Files: 38/262, data:  0.7%
Files: 39/262, data:  0.7%
Files: 40/262, data:  0.8%
Files: 41/262, data:  0.8%
Files: 42/262, data:  0.8%
Files: 43/262, data:  0.8%
Files: 44/262, data:  0.8%
Files: 45/262, data:  0.8%
Files: 46/262, data:  0.8%
Files: 47/262, data:  0.9%
Files: 48/262, data:  0.9%
Files: 49/262, data:  0.9%
Files: 50/262, data:  0.9%
Files: 51/262, data:  0.9%
Files: 52/262, data:  1.0%
Files: 53/262, data:  1.0%
Files: 54/262, data:  1.0%
Files: 55/262, data:  1.0%
Files: 55/262, data:  1.0%
Files: 56/262, data:  1.0%
Files: 57/262, data:  1.0%
Files: 58/262, data:  1.1%
Files: 59/262, data:  1.1%
Files: 60/262, data:  1.1%
Files: 61/262, data:  1.1%
Files: 62/262, data:  1.1%
Files: 63/262, data:  1.1%
Files: 64/262, data:  1.1%
Files: 65/262, data:  1.1%
Files: 66/262, data:  1.1%
Files: 67/262, data:  1.1%
Files: 68/262, data:  1.1%
Files: 69/262, data:  1.1%
Files: 70/262, data:  1.1%
Files: 71/262, data:  1.1%
Files: 72/262, data:  1.1%
Files: 73/262, data:  1.1%
Files: 74/262, data:  1.1%
Files: 75/262, data:  1.1%
Files: 76/262, data:  1.1%
Files: 77/262, data:  1.1%
Files: 78/262, data:  1.1%
Files: 79/262, data:  1.1%
Files: 80/262, data:  1.1%
Files: 81/262, data:  1.2%
Files: 82/262, data:  1.2%
Files: 83/262, data:  1.2%
Files: 84/262, data:  1.2%
Files: 85/262, data:  1.2%
Files: 86/262, data:  1.2%
Files: 87/262, data:  1.2%
Files: 88/262, data:  1.2%
Files: 89/262, data:  1.2%
Files: 90/262, data:  1.2%
Files: 91/262, data:  1.2%
Files: 92/262, data:  1.2%
Files: 93/262, data:  1.2%
Files: 94/262, data:  1.2%
Files: 95/262, data:  1.2%
Files: 96/262, data:  1.2%
Files: 97/262, data:  1.2%
Files: 98/262, data:  1.2%
Files: 99/262, data:  1.2%
Files: 100/262, data:  1.2%
Files: 101/262, data:  1.2%
Files: 102/262, data:  1.2%
Files: 103/262, data:  1.2%
Files: 104/262, data:  1.2%
Files: 105/262, data:  1.2%
Files: 106/262, data:  1.2%
Files: 107/262, data:  1.2%
Files: 108/262, data:  1.2%
Files: 109/262, data:  1.2%
Files: 110/262, data:  1.2%
Files: 111/262, data:  1.2%
Files: 112/262, data:  1.2%
Files: 113/262, data:  1.2%
Files: 114/262, data:  1.2%
Files: 115/262, data:  1.2%
Files: 116/262, data:  1.2%
Files: 117/262, data:  1.2%
Files: 118/262, data:  1.2%
Files: 119/262, data:  1.2%
Files: 120/262, data:  1.2%
Files: 121/262, data:  1.2%
Files: 122/262, data:  1.2%
Files: 123/262, data:  1.2%
Files: 124/262, data:  1.2%
Files: 125/262, data:  1.2%
Files: 126/262, data:  1.2%
Files: 127/262, data:  1.2%
Files: 128/262, data:  1.2%
Files: 129/262, data:  1.2%
Files: 130/262, data:  1.2%
Files: 131/262, data:  1.2%
Files: 132/262, data:  1.2%
Files: 133/262, data:  1.2%
Files: 134/262, data:  1.2%
Files: 135/262, data:  1.2%
Files: 136/262, data:  1.2%
Files: 137/262, data:  1.2%
Files: 138/262, data:  1.2%
Files: 139/262, data:  1.2%
Files: 140/262, data:  1.2%
Files: 141/262, data:  1.2%
Files: 142/262, data:  1.2%
Files: 143/262, data:  1.2%
Files: 144/262, data:  1.2%
Files: 145/262, data:  1.2%
Files: 146/262, data:  1.2%
Files: 147/262, data:  1.3%
Files: 148/262, data:  1.3%
Files: 149/262, data:  1.3%
Files: 150/262, data:  1.3%
Files: 151/262, data:  1.3%
Files: 152/262, data:  1.3%
Files: 153/262, data:  1.3%
Files: 154/262, data:  1.3%
Files: 155/262, data:  1.3%
Files: 156/262, data:  1.3%
Files: 157/262, data:  1.3%
Files: 158/262, data:  1.3%
Files: 159/262, data:  1.3%
Files: 160/262, data:  1.3%
Files: 161/262, data:  1.3%
Files: 162/262, data:  1.3%
Files: 163/262, data:  1.3%
Files: 164/262, data:  1.3%
Files: 165/262, data:  1.3%
Files: 166/262, data:  1.3%
Files: 167/262, data:  1.3%
Files: 168/262, data:  1.3%
Files: 169/262, data:  1.3%
Files: 170/262, data:  1.3%
Files: 171/262, data:  1.3%
Files: 172/262, data:  1.3%
Files: 173/262, data:  1.3%
Files: 174/262, data:  1.3%
Files: 175/262, data:  1.3%
Files: 176/262, data:  1.3%
Files: 177/262, data:  1.3%
Files: 178/262, data:  1.3%
Files: 179/262, data:  1.3%
Files: 180/262, data:  1.3%
Files: 181/262, data:  1.3%
Files: 182/262, data:  1.3%
Files: 183/262, data:  1.3%
Files: 184/262, data:  1.3%
Files: 185/262, data:  1.3%
Files: 186/262, data:  1.3%
Files: 187/262, data:  1.3%
Files: 188/262, data:  1.3%
Files: 189/262, data:  1.3%
Files: 190/262, data:  1.3%
Files: 191/262, data:  1.3%
Files: 192/262, data:  1.3%
Files: 193/262, data:  1.3%
Files: 194/262, data:  1.3%
Files: 195/262, data:  1.3%
Files: 196/262, data:  1.3%
Files: 197/262, data:  1.3%
Files: 198/262, data:  1.3%
Files: 199/262, data:  1.3%
Files: 200/262, data:  1.3%
Files: 201/262, data:  1.3%
Files: 202/262, data:  1.3%
Files: 203/262, data:  1.3%
Files: 204/262, data:  1.3%
Files: 205/262, data:  1.3%
Files: 206/262, data:  1.3%
Files: 207/262, data:  1.3%
Files: 208/262, data:  1.3%
Files: 209/262, data:  1.3%
Files: 210/262, data:  1.3%
Files: 211/262, data:  1.3%
Files: 212/262, data:  1.3%
Files: 213/262, data:  1.3%
Files: 214/262, data:  1.3%
Files: 215/262, data:  1.3%
Files: 216/262, data:  1.3%
Files: 217/262, data:  1.3%
Files: 218/262, data:  1.3%
Files: 219/262, data:  1.3%
Files: 220/262, data:  1.3%
Files: 221/262, data:  1.3%
Files: 222/262, data:  1.3%
Files: 223/262, data:  1.3%
Files: 224/262, data:  1.3%
Files: 225/262, data:  1.3%
Files: 226/262, data:  1.3%
Files: 227/262, data:  1.3%
Files: 228/262, data:  1.3%
Files: 229/262, data:  1.3%
Files: 230/262, data:  1.3%
Files: 231/262, data:  1.3%
Files: 232/262, data:  1.3%
Files: 233/262, data:  1.3%
Files: 234/262, data:  1.3%
Files: 235/262, data:  1.3%
Files: 236/262, data:  1.3%
Files: 237/262, data:  1.3%
Files: 238/262, data:  1.3%
Files: 239/262, data:  1.3%
Files: 240/262, data:  1.3%
Files: 241/262, data:  1.3%
Files: 242/262, data:  1.3%
Files: 243/262, data:  1.3%
Files: 244/262, data:  1.3%
Files: 245/262, data:  1.3%
Files: 246/262, data:  1.3%
Files: 247/262, data:  1.3%
Files: 248/262, data:  1.3%
Files: 249/262, data:  1.3%
Files: 250/262, data:  1.3%
Files: 251/262, data:  1.3%
Files: 252/262, data:  1.3%
Files: 253/262, data:  1.3%
Files: 254/262, data:  1.3%
Files: 255/262, data:  1.3%
Files: 256/262, data:  1.3%
Files: 257/262, data:  1.3%
Files: 258/262, data:  1.3%
Files: 259/262, data:  1.3%
Files: 260/262, data:  1.4%
Files: 261/262, data:  2.0%
Files: 261/262, data:  3.0%
Files: 261/262, data:  4.0%
Files: 261/262, data:  5.0%
Files: 261/262, data:  6.0%
Files: 261/262, data:  7.0%
Files: 261/262, data:  8.0%
Files: 261/262, data:  9.0%
Files: 261/262, data: 10.0%
Files: 261/262, data: 11.0%
Files: 261/262, data: 12.0%
Files: 261/262, data: 13.0%
Files: 261/262, data: 14.0%
Files: 261/262, data: 15.0%
Files: 261/262, data: 16.0%
Files: 261/262, data: 17.0%
Files: 261/262, data: 18.0%
Files: 261/262, data: 19.0%
Files: 261/262, data: 20.0%
Files: 261/262, data: 21.0%
Files: 261/262, data: 22.0%
Files: 261/262, data: 23.0%
Files: 261/262, data: 24.0%
Files: 261/262, data: 25.0%
Files: 261/262, data: 26.0%
Files: 261/262, data: 27.0%
Files: 261/262, data: 28.0%
Files: 261/262, data: 29.0%
Files: 261/262, data: 30.0%
Files: 261/262, data: 31.0%
Files: 261/262, data: 32.0%
Files: 261/262, data: 33.0%
Files: 261/262, data: 34.0%
Files: 261/262, data: 35.0%
Files: 261/262, data: 36.0%
Files: 261/262, data: 37.0%
Files: 261/262, data: 38.0%
Files: 261/262, data: 39.0%
Files: 261/262, data: 40.0%
Files: 261/262, data: 41.0%
Files: 261/262, data: 42.0%
Files: 261/262, data: 43.0%
Files: 261/262, data: 44.0%
Files: 261/262, data: 45.0%
Files: 261/262, data: 46.0%
Files: 261/262, data: 47.0%
Files: 261/262, data: 48.0%
Files: 261/262, data: 49.0%
Files: 261/262, data: 50.0%
Files: 261/262, data: 51.0%
Files: 261/262, data: 52.0%
Files: 261/262, data: 53.0%
Files: 261/262, data: 54.0%
Files: 261/262, data: 55.0%
Files: 261/262, data: 56.0%
Files: 261/262, data: 57.0%
Files: 261/262, data: 58.0%
Files: 261/262, data: 59.0%
Files: 261/262, data: 60.0%
Files: 261/262, data: 61.0%
Files: 261/262, data: 62.0%
Files: 261/262, data: 63.0%
Files: 261/262, data: 64.0%
Files: 261/262, data: 65.0%
Files: 261/262, data: 66.0%
Files: 261/262, data: 67.0%
Files: 261/262, data: 68.0%
Files: 261/262, data: 69.0%
Files: 261/262, data: 70.0%
Files: 261/262, data: 71.0%
Files: 261/262, data: 72.0%
Files: 261/262, data: 73.0%
Files: 261/262, data: 74.0%
Files: 261/262, data: 75.0%
Files: 261/262, data: 76.0%
Files: 261/262, data: 77.0%
Files: 261/262, data: 78.0%
Files: 261/262, data: 79.0%
Files: 261/262, data: 80.0%
Files: 261/262, data: 81.0%
Files: 261/262, data: 82.0%
Files: 261/262, data: 83.0%
Files: 261/262, data: 84.0%
Files: 261/262, data: 85.0%
Files: 261/262, data: 86.0%
Files: 261/262, data: 87.0%
Files: 261/262, data: 88.0%
Files: 261/262, data: 89.0%
Files: 261/262, data: 90.0%
Files: 261/262, data: 91.0%
Files: 261/262, data: 92.0%
Files: 261/262, data: 93.0%
Files: 261/262, data: 94.0%
Files: 261/262, data: 95.0%
Files: 261/262, data: 96.0%
Files: 261/262, data: 97.0%
Files: 261/262, data: 98.0%
Files: 261/262, data: 99.0%
Files: 261/262, data: 99.6%
Files: 262/262, data: 100.0%
Files: 262/262, data: 100.0%
Done: 262 files, 260.5MiB processed in 0.359 seconds.
2026-07-08 21:21:49.875+0000 INFO  [o.n.c.d.DumpCommand] Dump completed successfully
[nams-baremetal] dump ok: /workspace/story_env/logs/midnight_gemma4-e4b_klaus-nams-spacy-only_2026-07-08_19-55-06/klaus_memories_gemma4-e4b_klaus-nams-spacy-only.dump (1.8M)
[nams-baremetal] starting neo4j
Directories in use:
home:         /var/lib/neo4j
config:       /etc/neo4j
logs:         /var/log/neo4j
plugins:      /var/lib/neo4j/plugins
import:       /var/lib/neo4j/import
data:         /var/lib/neo4j/data
certificates: /var/lib/neo4j/certificates
licenses:     /var/lib/neo4j/licenses
run:          /var/lib/neo4j/run
Starting Neo4j.
Started neo4j (pid:349225). It is available at http://127.0.0.1:7474
There may be a short delay until the server is ready.
[nams-baremetal] bolt ready on :7687 after 0s
